{"type":"server-started","port":61339,"host":"127.0.0.1","url_host":"localhost","url":"http://localhost:61339","screen_dir":"/home/maverick/afro-agri/.superpowers/brainstorm/193447-1781176967/content","state_dir":"/home/maverick/afro-agri/.superpowers/brainstorm/193447-1781176967/state"}
{"type":"screen-added","file":"/home/maverick/afro-agri/.superpowers/brainstorm/193447-1781176967/content/visual-style.html"}
{"source":"user-event","type":"click","text":"🌿 AfroAgri  —  Tableau de bord\n        \n          \n            \n          \n          \n            142Champs\n            87%Santé\n            \n              \n              \n              \n              \n              \n            \n          \n        \n      \n    \n    \n      A — Terra Verde\n      \n        \n        \n        \n        \n        \n      \n      Vert forêt profond + accents or chaud. Sidebar sombre, contenu clair. Identité africaine premium, ancré dans la terre. Mode dark/light naturel.","choice":"terra-verde","id":null,"timestamp":1781177028194}
{"type":"screen-added","file":"/home/maverick/afro-agri/.superpowers/brainstorm/193447-1781176967/content/layout.html"}
{"source":"user-event","type":"click","text":"🌿 AfroAgri\n           Amadou K.\n        \n        \n          \n            \n            \n            \n            \n          \n          \n            142Champs\n            38Plantes\n            87%Santé\n            \n              \n              \n              \n              \n              \n              \n            \n          \n        \n      \n    \n    \n      A — Sidebar icônes Recommandé\n      Sidebar sombre compacte (icônes uniquement), s'expand au hover. Maximum d'espace pour les stats. Moderne, clean. Pattern courant sur les dashboards pro (Vercel, Linear).","choice":"sidebar-icon","id":null,"timestamp":1781177096550}
{"type":"screen-added","file":"/home/maverick/afro-agri/.superpowers/brainstorm/193447-1781176967/content/login.html"}
{"type":"screen-added","file":"/home/maverick/afro-agri/.superpowers/brainstorm/193447-1781176967/content/login-simple.html"}
{"source":"user-event","type":"click","text":"⟷\n    \n      Je préfère un split screen\n      Moitié sombre avec branding/visuel, moitié claire avec le formulaire","choice":"split-version","id":null,"timestamp":1781177336645}
{"source":"user-event","type":"click","text":"⟷\n    \n      Je préfère un split screen\n      Moitié sombre avec branding/visuel, moitié claire avec le formulaire","choice":"split-version","id":null,"timestamp":1781177336789}
{"source":"user-event","type":"click","text":"⟷\n    \n      Je préfère un split screen\n      Moitié sombre avec branding/visuel, moitié claire avec le formulaire","choice":"split-version","id":null,"timestamp":1781177340583}
{"source":"user-event","type":"click","text":"⟷\n    \n      Je préfère un split screen\n      Moitié sombre avec branding/visuel, moitié claire avec le formulaire","choice":"split-version","id":null,"timestamp":1781177340738}
{"source":"user-event","type":"click","text":"⟷\n    \n      Je préfère un split screen\n      Moitié sombre avec branding/visuel, moitié claire avec le formulaire","choice":"split-version","id":null,"timestamp":1781177340851}
{"source":"user-event","type":"click","text":"⟷\n    \n      Je préfère un split screen\n      Moitié sombre avec branding/visuel, moitié claire avec le formulaire","choice":"split-version","id":null,"timestamp":1781177340979}
{"source":"user-event","type":"click","text":"⟷\n    \n      Je préfère un split screen\n      Moitié sombre avec branding/visuel, moitié claire avec le formulaire","choice":"split-version","id":null,"timestamp":1781177341068}
{"source":"user-event","type":"click","text":"⟷\n    \n      Je préfère un split screen\n      Moitié sombre avec branding/visuel, moitié claire avec le formulaire","choice":"split-version","id":null,"timestamp":1781177341624}
{"source":"user-event","type":"click","text":"⟷\n    \n      Je préfère un split screen\n      Moitié sombre avec branding/visuel, moitié claire avec le formulaire","choice":"split-version","id":null,"timestamp":1781177341767}
{"source":"user-event","type":"click","text":"⟷\n    \n      Je préfère un split screen\n      Moitié sombre avec branding/visuel, moitié claire avec le formulaire","choice":"split-version","id":null,"timestamp":1781177342464}
{"source":"user-event","type":"click","text":"⟷\n    \n      Je préfère un split screen\n      Moitié sombre avec branding/visuel, moitié claire avec le formulaire","choice":"split-version","id":null,"timestamp":1781177342613}
{"type":"screen-added","file":"/home/maverick/afro-agri/.superpowers/brainstorm/193447-1781176967/content/dashboard-layout.html"}
{"type":"screen-added","file":"/home/maverick/afro-agri/.superpowers/brainstorm/193447-1781176967/content/waiting.html"}
{"type":"server-stopped","reason":"idle timeout"}
